Microchip MPLAB XC8 Compiler V2.32

Linker command line:

-W-3 --edf=C:\Program Files\Microchip\xc8\v2.32\pic\dat\en_msgs.txt \
  -pivt0x8=08h -cn \
  -h+dist/default/production\PIC18F27Q84_CAN_node.X.production.sym \
  --cmf=dist/default/production\PIC18F27Q84_CAN_node.X.production.cmf -z \
  -Q18F27Q84 -oC:\Users\M43998\AppData\Local\Temp\xcAs18vs.4 \
  --defsym=__MPLAB_BUILD=1 \
  -Mdist/default/production/PIC18F27Q84_CAN_node.X.production.map -E1 \
  -ver=XC8 Compiler --acfsm=1493 -ASTACK=057Ah-037FFh -pstack=STACK \
  -ACODE=00h-01FFFFh -ACONST=00h-01FFFFh -ASMALLCONST=03800h-038FFhx456 \
  -AMEDIUMCONST=03800h-0FFFFh,013800h-01FFFFh -ACOMRAM=0501h-055Fh \
  -AABS1=0500h-037FFh -ABIGRAM=0501h-037FFh \
  -ARAM=0560h-05FFh,0600h-06FFhx50 -ABANK5=0560h-05FFh -ABANK6=0600h-06FFh \
  -ABANK7=0700h-07FFh -ABANK8=0800h-08FFh -ABANK9=0900h-09FFh \
  -ABANK10=0A00h-0AFFh -ABANK11=0B00h-0BFFh -ABANK12=0C00h-0CFFh \
  -ABANK13=0D00h-0DFFh -ABANK14=0E00h-0EFFh -ABANK15=0F00h-0FFFh \
  -ABANK16=01000h-010FFh -ABANK17=01100h-011FFh -ABANK18=01200h-012FFh \
  -ABANK19=01300h-013FFh -ABANK20=01400h-014FFh -ABANK21=01500h-015FFh \
  -ABANK22=01600h-016FFh -ABANK23=01700h-017FFh -ABANK24=01800h-018FFh \
  -ABANK25=01900h-019FFh -ABANK26=01A00h-01AFFh -ABANK27=01B00h-01BFFh \
  -ABANK28=01C00h-01CFFh -ABANK29=01D00h-01DFFh -ABANK30=01E00h-01EFFh \
  -ABANK31=01F00h-01FFFh -ABANK32=02000h-020FFh -ABANK33=02100h-021FFh \
  -ABANK34=02200h-022FFh -ABANK35=02300h-023FFh -ABANK36=02400h-024FFh \
  -ABANK37=02500h-025FFh -ABANK38=02600h-026FFh -ABANK39=02700h-027FFh \
  -ABANK40=02800h-028FFh -ABANK41=02900h-029FFh -ABANK42=02A00h-02AFFh \
  -ABANK43=02B00h-02BFFh -ABANK44=02C00h-02CFFh -ABANK45=02D00h-02DFFh \
  -ABANK46=02E00h-02EFFh -ABANK47=02F00h-02FFFh -ABANK48=03000h-030FFh \
  -ABANK49=03100h-031FFh -ABANK50=03200h-032FFh -ABANK51=03300h-033FFh \
  -ABANK52=03400h-034FFh -ABANK53=03500h-035FFh -ABANK54=03600h-036FFh \
  -ABANK55=03700h-037FFh -ASFR=00h-0FFhx4,0400h-045Fh,0460h-04FFh \
  -ACONFIG=0300000h-0300023h -AIDLOC=0200000h-020001Fh \
  -AEEDATA=0380000h-03803FFh -peeprom_data=EEDATA -preset_vec=00h \
  -ppowerup=CODE,init -pramtop=03800h -psmallconst=SMALLCONST \
  -pmediumconst=MEDIUMCONST -pconst=CONST -AFARRAM=00h-00h \
  -prdata=COMRAM,nvrram=COMRAM,nvbit=COMRAM,rbss=COMRAM,rbit=COMRAM \
  -pfarbss=FARRAM,fardata=FARRAM,nvFARRAM=FARRAM \
  -pintsave_regs=BIGRAM,bigbss=BIGRAM,bigdata=BIGRAM -pbss=RAM \
  -pidata=CODE,irdata=CODE,ibigdata=CODE,ifardata=CODE -prparam=COMRAM \
  C:\Users\M43998\AppData\Local\Temp\xcAs18vs.o \
  dist/default/production\PIC18F27Q84_CAN_node.X.production.o 

Object code version is 3.11

Machine type is 18F27Q84



                Name                               Link     Load   Length Selector   Space Scale
C:\Users\M43998\AppData\Local\Temp\xcAs18vs.o
                idloc                            200000   200000       20        0       5
                config                           300000   300000       24        0       4
                init                                 1A       1A        4        4       0
                reset_vec                             0        0        4        0       0
dist/default/production\PIC18F27Q84_CAN_node.X.production.o
                idloc                            200000   200000       20        0       5
                config                           300000   300000       24        0       4
                smallconst                         3800     3800        E     1C00       0
                ivt0x8                                8        8       12        4       0
                text51                             4A8C     4A8C        2     1C07       0
                text50                             4A8A     4A8A        2     1C07       0
                text49                             4A88     4A88        2     1C07       0
                text48                             4A86     4A86        2     1C07       0
                text47                             4A84     4A84        2     1C07       0
                text46                             4A82     4A82        2     1C07       0
                text45                             4A80     4A80        2     1C07       0
                text44                             3EC0     3EC0      164     1C07       0
                text43                             493E     493E       1E     1C07       0
                text42                             498E     498E       18     1C07       0
                text41                             469A     469A       5A     1C07       0
                text40                             3A54     3A54      240     1C07       0
                text39                             4024     4024       EC     1C07       0
                text38                             4640     4640       5A     1C07       0
                text37                             41EA     41EA       CA     1C07       0
                text36                             4976     4976       18     1C07       0
                text35                             4A68     4A68        A     1C07       0
                text34                             4110     4110       DA     1C07       0
                text33                             380E     380E      246     1C07       0
                text32                             47DC     47DC       3E     1C07       0
                text31                             4480     4480       94     1C07       0
                text30                             48CA     48CA       28     1C07       0
                text29                             3C94     3C94      22C     1C07       0
                text28                             4876     4876       2C     1C07       0
                text27                             45E0     45E0       60     1C07       0
                text26                             479A     479A       42     1C07       0
                text25                             42B4     42B4       9E     1C07       0
                text24                             49BA     49BA       14     1C07       0
                text23                             4A50     4A50        E     1C07       0
                text22                             4A42     4A42        E     1C07       0
                text21                             4A34     4A34        E     1C07       0
                text20                             4A26     4A26        E     1C07       0
                text19                             4A18     4A18        E     1C07       0
                text18                             4A0A     4A0A        E     1C07       0
                text17                             49FC     49FC        E     1C07       0
                text16                             43EA     43EA       96     1C07       0
                text15                             4A5E     4A5E        A     1C07       0
                text14                             4352     4352       98     1C07       0
                text13                             49EE     49EE        E     1C07       0
                text12                             4848     4848       2E     1C07       0
                text11                             4918     4918       26     1C07       0
                text10                             481A     481A       2E     1C07       0
                text9                              49A6     49A6       14     1C07       0
                text8                              46F4     46F4       58     1C07       0
                text7                              4A7A     4A7A        4     1C07       0
                text6                              48F2     48F2       26     1C07       0
                text5                              457C     457C       64     1C07       0
                text4                              48A2     48A2       28     1C07       0
                text3                              49E0     49E0        E     1C07       0
                text2                              474C     474C       4E     1C07       0
                text1                              495C     495C       1A     1C07       0
                text0                              49CE     49CE       12     1C07       0
                cstackCOMRAM                        501      501       44      501       1
                cstackBANK5                         575      575        3      560       1
                dataBANK5                           578      578        2      560       1
                bssBANK5                            560      560       15      560       1
                dataCOMRAM                          550      550        8      501       1
                bssCOMRAM                           545      545        B      501       1
                cinit                              4514     4514       68     1C07       0
                nvCOMRAM                            558      558        3      501       1
                idataBANK5                         4A7E     4A7E        2     1C07       0
                idataCOMRAM                        4A72     4A72        8     1C07       0

TOTAL           Name                               Link     Load   Length     Space
        CLASS   STACK          

        CLASS   CODE           
                init                                 1A       1A        4         0
                reset_vec                             0        0        4         0
                ivt0x8                                8        8       12         0
                text51                             4A8C     4A8C        2         0
                text50                             4A8A     4A8A        2         0
                text49                             4A88     4A88        2         0
                text48                             4A86     4A86        2         0
                text47                             4A84     4A84        2         0
                text46                             4A82     4A82        2         0
                text45                             4A80     4A80        2         0
                text44                             3EC0     3EC0      164         0
                text43                             493E     493E       1E         0
                text42                             498E     498E       18         0
                text41                             469A     469A       5A         0
                text40                             3A54     3A54      240         0
                text39                             4024     4024       EC         0
                text38                             4640     4640       5A         0
                text37                             41EA     41EA       CA         0
                text36                             4976     4976       18         0
                text35                             4A68     4A68        A         0
                text34                             4110     4110       DA         0
                text33                             380E     380E      246         0
                text32                             47DC     47DC       3E         0
                text31                             4480     4480       94         0
                text30                             48CA     48CA       28         0
                text29                             3C94     3C94      22C         0
                text28                             4876     4876       2C         0
                text27                             45E0     45E0       60         0
                text26                             479A     479A       42         0
                text25                             42B4     42B4       9E         0
                text24                             49BA     49BA       14         0
                text23                             4A50     4A50        E         0
                text22                             4A42     4A42        E         0
                text21                             4A34     4A34        E         0
                text20                             4A26     4A26        E         0
                text19                             4A18     4A18        E         0
                text18                             4A0A     4A0A        E         0
                text17                             49FC     49FC        E         0
                text16                             43EA     43EA       96         0
                text15                             4A5E     4A5E        A         0
                text14                             4352     4352       98         0
                text13                             49EE     49EE        E         0
                text12                             4848     4848       2E         0
                text11                             4918     4918       26         0
                text10                             481A     481A       2E         0
                text9                              49A6     49A6       14         0
                text8                              46F4     46F4       58         0
                text7                              4A7A     4A7A        4         0
                text6                              48F2     48F2       26         0
                text5                              457C     457C       64         0
                text4                              48A2     48A2       28         0
                text3                              49E0     49E0        E         0
                text2                              474C     474C       4E         0
                text1                              495C     495C       1A         0
                text0                              49CE     49CE       12         0
                cinit                              4514     4514       68         0
                idataBANK5                         4A7E     4A7E        2         0
                idataCOMRAM                        4A72     4A72        8         0

        CLASS   CONST          

        CLASS   SMALLCONST     
                smallconst                         3800     3800        E         0

        CLASS   MEDIUMCONST    

        CLASS   COMRAM         
                cstackCOMRAM                        501      501       44         1
                dataCOMRAM                          550      550        8         1
                bssCOMRAM                           545      545        B         1
                nvCOMRAM                            558      558        3         1

        CLASS   ABS1           

        CLASS   BIGRAM         

        CLASS   RAM            

        CLASS   BANK5          
                cstackBANK5                         575      575        3         1
                dataBANK5                           578      578        2         1
                bssBANK5                            560      560       15         1

        CLASS   BANK6          

        CLASS   BANK7          

        CLASS   BANK8          

        CLASS   BANK9          

        CLASS   BANK10         

        CLASS   BANK11         

        CLASS   BANK12         

        CLASS   BANK13         

        CLASS   BANK14         

        CLASS   BANK15         

        CLASS   BANK16         

        CLASS   BANK17         

        CLASS   BANK18         

        CLASS   BANK19         

        CLASS   BANK20         

        CLASS   BANK21         

        CLASS   BANK22         

        CLASS   BANK23         

        CLASS   BANK24         

        CLASS   BANK25         

        CLASS   BANK26         

        CLASS   BANK27         

        CLASS   BANK28         

        CLASS   BANK29         

        CLASS   BANK30         

        CLASS   BANK31         

        CLASS   BANK32         

        CLASS   BANK33         

        CLASS   BANK34         

        CLASS   BANK35         

        CLASS   BANK36         

        CLASS   BANK37         

        CLASS   BANK38         

        CLASS   BANK39         

        CLASS   BANK40         

        CLASS   BANK41         

        CLASS   BANK42         

        CLASS   BANK43         

        CLASS   BANK44         

        CLASS   BANK45         

        CLASS   BANK46         

        CLASS   BANK47         

        CLASS   BANK48         

        CLASS   BANK49         

        CLASS   BANK50         

        CLASS   BANK51         

        CLASS   BANK52         

        CLASS   BANK53         

        CLASS   BANK54         

        CLASS   BANK55         

        CLASS   SFR            

        CLASS   CONFIG         
                config                           300000   300000       24         4

        CLASS   IDLOC          
                idloc                            200000   200000       20         5

        CLASS   EEDATA         

        CLASS   FARRAM         



SEGMENTS        Name                           Load    Length   Top    Selector   Space  Class

                reset_vec                      000000  000004  000004         0       0  CODE    
                ivt0x8                         000008  000016  00001E         4       0  CODE    
                cstackCOMRAM                   000501  00005A  00055B       501       1  COMRAM  
                bssBANK5                       000560  00001A  00057A       560       1  BANK5   
                smallconst                     003800  00000E  00380E      1C00       0  SMALLCON
                text33                         00380E  001280  004A8E      1C07       0  CODE    


UNUSED ADDRESS RANGES

        Name                Unused          Largest block    Delta
        BANK10           000A00-000AFF              100
        BANK11           000B00-000BFF              100
        BANK12           000C00-000CFF              100
        BANK13           000D00-000DFF              100
        BANK14           000E00-000EFF              100
        BANK15           000F00-000FFF              100
        BANK16           001000-0010FF              100
        BANK17           001100-0011FF              100
        BANK18           001200-0012FF              100
        BANK19           001300-0013FF              100
        BANK20           001400-0014FF              100
        BANK21           001500-0015FF              100
        BANK22           001600-0016FF              100
        BANK23           001700-0017FF              100
        BANK24           001800-0018FF              100
        BANK25           001900-0019FF              100
        BANK26           001A00-001AFF              100
        BANK27           001B00-001BFF              100
        BANK28           001C00-001CFF              100
        BANK29           001D00-001DFF              100
        BANK30           001E00-001EFF              100
        BANK31           001F00-001FFF              100
        BANK32           002000-0020FF              100
        BANK33           002100-0021FF              100
        BANK34           002200-0022FF              100
        BANK35           002300-0023FF              100
        BANK36           002400-0024FF              100
        BANK37           002500-0025FF              100
        BANK38           002600-0026FF              100
        BANK39           002700-0027FF              100
        BANK40           002800-0028FF              100
        BANK41           002900-0029FF              100
        BANK42           002A00-002AFF              100
        BANK43           002B00-002BFF              100
        BANK44           002C00-002CFF              100
        BANK45           002D00-002DFF              100
        BANK46           002E00-002EFF              100
        BANK47           002F00-002FFF              100
        BANK48           003000-0030FF              100
        BANK49           003100-0031FF              100
        BANK5            00057A-0005FF               86
        BANK50           003200-0032FF              100
        BANK51           003300-0033FF              100
        BANK52           003400-0034FF              100
        BANK53           003500-0035FF              100
        BANK54           003600-0036FF              100
        BANK55           003700-0037FF              100
        BANK6            000600-0006FF              100
        BANK7            000700-0007FF              100
        BANK8            000800-0008FF              100
        BANK9            000900-0009FF              100
        BIGRAM           00055B-00055F                5
                         00057A-0037FF             3286
        CODE             000004-000007                4
                         00001E-0037FF             37E2
                         004A8E-01FFFF            1B572
        COMRAM           00055B-00055F                5
        CONST            000004-000007                4
                         00001E-0037FF             37E2
                         004A8E-01FFFF            1B572
        EEDATA           380000-3803FF              400
        MEDIUMCONST      004A8E-00FFFF             B572
                         013800-01FFFF             C800
        RAM              00057A-0037FF              100
        SFR              000000-0004FF              100
        SMALLCONST       004A8E-01FFFF              100
        STACK            00057A-0037FF             3286

                                  Symbol Table

C1__ReceiveFIFO1NotEmptyHandler@Currently_Processing cstackCOMRAM 000532
C1__ReceiveFIFO1NotEmptyHandler@PID                  cstackCOMRAM 000539
C1__ReceiveFIFO1NotEmptyHandler@Return_Message       cstackCOMRAM 00053A
C1__ReceiveFIFO1NotEmptyHandler@data_Out             cstackCOMRAM 00052A
C1__ReceiveFIFO1NotEmptyHandler@mode                 cstackCOMRAM 000529
C1__ReceiveFIFO1NotEmptyHandler@numBytes             cstackCOMRAM 000528
CAN1_OperationModeSet@opMode                         cstackBANK5  000575
CAN1_OperationModeSet@requestMode                    cstackBANK5  000577
CAN1_OperationModeSet@status                         cstackBANK5  000576
CAN1_RX_FIFO_ResetInfo@index                         cstackBANK5  000575
CAN1_ReceiveFrom@channel                             cstackCOMRAM 000525
CAN1_ReceiveFrom@index                               cstackCOMRAM 000526
CAN1_ReceiveFrom@rxCanMsg                            cstackCOMRAM 000521
CAN1_ReceiveFrom@status                              cstackCOMRAM 000524
CAN1_ReceivedMessageCountGet@channel                 cstackCOMRAM 000506
CAN1_ReceivedMessageCountGet@fifoDepth               cstackCOMRAM 000507
CAN1_ReceivedMessageCountGet@fifoHead                cstackCOMRAM 000509
CAN1_ReceivedMessageCountGet@fifoTail                cstackCOMRAM 000508
CAN1_ReceivedMessageCountGet@index                   cstackCOMRAM 00050A
CAN1_ReceivedMessageCountGet@numOfMsg                cstackCOMRAM 000504
CAN1_ReceivedMessageCountGet@rxMsgStatus             cstackCOMRAM 000505
CAN1_ReceivedMessageCountGet@totalMsgObj             cstackCOMRAM 000503
CAN1_SetBusErrorInterruptHandler@handler             cstackBANK5  000575
CAN1_SetBusWakeUpActivityInterruptHandler@handler    cstackBANK5  000575
CAN1_SetFIFO1NotEmptyHandler@handler                 cstackBANK5  000575
CAN1_SetInvalidMessageInterruptHandler@handler       cstackBANK5  000575
CAN1_SetModeChangeInterruptHandler@handler           cstackBANK5  000575
CAN1_SetRxBufferOverFlowInterruptHandler@handler     cstackBANK5  000575
CAN1_SetSystemErrorInterruptHandler@handler          cstackBANK5  000575
CAN1_SetTxAttemptInterruptHandler@handler            cstackBANK5  000575
CAN1_Transmit@fifoChannel                            cstackCOMRAM 00051C
CAN1_Transmit@status                                 cstackCOMRAM 000519
CAN1_Transmit@txCanMsg                               cstackCOMRAM 000517
CAN1_Transmit@txFifoObj                              cstackCOMRAM 00051A
CAN1_TransmitFIFOStatusGet@fifoChannel               cstackCOMRAM 000504
CAN1_TransmitFIFOStatusGet@status                    cstackCOMRAM 000503
GetRxFifoDepth@validChannel                          cstackCOMRAM 000502
GetRxFifoStatus@validChannel                         cstackCOMRAM 000501
GetTxFifoStatus@validChannel                         cstackCOMRAM 000501
IVTBASEH                                             (abs)        00045E
IVTBASEL                                             (abs)        00045D
IVTBASEU                                             (abs)        00045F
ReadMessageFromFifo@msgId                            cstackCOMRAM 000512
ReadMessageFromFifo@rxCanMsg                         cstackCOMRAM 00050E
ReadMessageFromFifo@rxFifoObj                        cstackCOMRAM 00050C
ReadMessageFromFifo@status                           cstackCOMRAM 000516
Receive@channel                                      cstackCOMRAM 000517
Receive@index                                        cstackCOMRAM 000520
Receive@rxCanMsg                                     cstackCOMRAM 000518
Receive@rxFifoObj                                    cstackCOMRAM 00051D
Receive@rxMsgStatus                                  cstackCOMRAM 00051F
Receive@status                                       cstackCOMRAM 00051C
TU16A_SetInterruptHandler@InterruptHandler           cstackBANK5  000575
TU16A__C1_TransmitInterruptHandler@F22653            dataCOMRAM   000550
TU16A__C1_TransmitInterruptHandler@Transmission      cstackCOMRAM 000526
TU16A__C1_TransmitInterruptHandler@Transmit_Data     cstackCOMRAM 00051E
ValidateTransmission@field                           cstackCOMRAM 000509
ValidateTransmission@txCanMsg                        cstackCOMRAM 000502
ValidateTransmission@txMsgStatus                     cstackCOMRAM 000508
ValidateTransmission@validChannel                    cstackCOMRAM 000507
WriteMessageToFifo@msgId                             cstackCOMRAM 000513
WriteMessageToFifo@status                            cstackCOMRAM 000512
WriteMessageToFifo@txCanMsg                          cstackCOMRAM 00050E
WriteMessageToFifo@txFifoObj                         cstackCOMRAM 00050C
_ANSELA                                              (abs)        000400
_ANSELB                                              (abs)        000408
_ANSELC                                              (abs)        000410
_C1CONH                                              (abs)        000101
_C1CONHbits                                          (abs)        000101
_C1CONL                                              (abs)        000100
_C1CONTbits                                          (abs)        000103
_C1CONU                                              (abs)        000102
_C1CONUbits                                          (abs)        000102
_C1FIFOBA                                            (abs)        00014C
_C1FIFOCON1H                                         (abs)        00015D
_C1FIFOCON1L                                         (abs)        00015C
_C1FIFOCON1T                                         (abs)        00015F
_C1FIFOCON1U                                         (abs)        00015E
_C1FIFOSTA1Lbits                                     (abs)        000160
_C1FLTCON0L                                          (abs)        000180
_C1FLTOBJ0H                                          (abs)        00018D
_C1FLTOBJ0L                                          (abs)        00018C
_C1FLTOBJ0T                                          (abs)        00018F
_C1FLTOBJ0U                                          (abs)        00018E
_C1INTH                                              (abs)        00011D
_C1INTHbits                                          (abs)        00011D
_C1INTL                                              (abs)        00011C
_C1INTLbits                                          (abs)        00011C
_C1INTT                                              (abs)        00011F
_C1INTTbits                                          (abs)        00011F
_C1INTU                                              (abs)        00011E
_C1INTUbits                                          (abs)        00011E
_C1MASK0H                                            (abs)        000191
_C1MASK0L                                            (abs)        000190
_C1MASK0T                                            (abs)        000193
_C1MASK0U                                            (abs)        000192
_C1NBTCFGH                                           (abs)        000105
_C1NBTCFGL                                           (abs)        000104
_C1NBTCFGT                                           (abs)        000107
_C1NBTCFGU                                           (abs)        000106
_C1TRECUbits                                         (abs)        000136
_C1TXQCONH                                           (abs)        000151
_C1TXQCONL                                           (abs)        000150
_C1TXQCONT                                           (abs)        000153
_C1TXQCONU                                           (abs)        000152
_C1TXQSTALbits                                       (abs)        000154
_C1__ReceiveFIFO1NotEmptyHandler                     text29       003C94
_CAN1_BitRateConfiguration                           text24       0049BA
_CAN1_BusErrorHandler                                bssBANK5     00056C
_CAN1_BusWakeUpActivityHandler                       bssBANK5     00056F
_CAN1_ErrorNotificationInterruptEnable               text16       0043EA
_CAN1_FIFO1NotEmptyHandler                           bssCOMRAM    000545
_CAN1_ISR                                            text44       003EC0
_CAN1_Initialize                                     text8        0046F4
_CAN1_InvalidMessageHandler                          bssBANK5     000572
_CAN1_ModeChangeHandler                              bssBANK5     000569
_CAN1_OperationModeGet                               text15       004A5E
_CAN1_OperationModeSet                               text14       004352
_CAN1_RXI_ISR                                        text28       004876
_CAN1_RX_FIFO_Configuration                          text12       004848
_CAN1_RX_FIFO_FilterMaskConfiguration                text11       004918
_CAN1_RX_FIFO_ResetInfo                              text10       00481A
_CAN1_ReceiveFrom                                    text38       004640
_CAN1_ReceivedMessageCountGet                        text37       0041EA
_CAN1_RxBufferOverflowHandler                        bssBANK5     000560
_CAN1_SetBusErrorInterruptHandler                    text23       004A50
_CAN1_SetBusWakeUpActivityInterruptHandler           text22       004A42
_CAN1_SetFIFO1NotEmptyHandler                        text13       0049EE
_CAN1_SetInvalidMessageInterruptHandler              text21       004A34
_CAN1_SetModeChangeInterruptHandler                  text20       004A26
_CAN1_SetRxBufferOverFlowInterruptHandler            text19       004A18
_CAN1_SetSystemErrorInterruptHandler                 text18       004A0A
_CAN1_SetTxAttemptInterruptHandler                   text17       0049FC
_CAN1_SystemErrorHandler                             bssBANK5     000566
_CAN1_TX_FIFO_Configuration                          text9        0049A6
_CAN1_Transmit                                       text31       004480
_CAN1_TransmitFIFOStatusGet                          text30       0048CA
_CAN1_TxAttemptHandler                               bssBANK5     000563
_CANRXPPS                                            (abs)        00023D
_DLC_BYTES                                           smallconst   003801
_DefaultBusErrorHandler                              text51       004A8C
_DefaultBusWakeUpActivityHandler                     text50       004A8A
_DefaultInvalidMessageHandler                        text49       004A88
_DefaultModeChangeHandler                            text48       004A86
_DefaultRxBufferOverflowHandler                      text47       004A84
_DefaultSystemErrorHandler                           text46       004A82
_DefaultTxAttemptHandler                             text45       004A80
_GetRxFifoDepth                                      text43       00493E
_GetRxFifoStatus                                     text42       00498E
_GetTxFifoStatus                                     text36       004976
_INLVLA                                              (abs)        000404
_INLVLB                                              (abs)        00040C
_INLVLC                                              (abs)        000414
_INLVLE                                              (abs)        000424
_INTCON0bits                                         (abs)        0004D6
_INTERRUPT_Initialize                                text7        004A7A
_INTERRUPT_InterruptManager                          text25       0042B4
_LATA                                                (abs)        0004BE
_LATB                                                (abs)        0004BF
_LATC                                                (abs)        0004C0
_LATCbits                                            (abs)        0004C0
_ODCONA                                              (abs)        000402
_ODCONB                                              (abs)        00040A
_ODCONC                                              (abs)        000412
_OSCCON1                                             (abs)        0000AD
_OSCCON3                                             (abs)        0000AF
_OSCEN                                               (abs)        0000B3
_OSCFRQ                                              (abs)        0000B1
_OSCILLATOR_Initialize                               text6        0048F2
_OSCTUNE                                             (abs)        0000B0
_PIE0bits                                            (abs)        00049E
_PIE4bits                                            (abs)        0004A2
_PIN_MANAGER_Initialize                              text5        00457C
_PIR0bits                                            (abs)        0004AE
_PIR4bits                                            (abs)        0004B2
_PLLR                                                (abs)        000590
_PMD0                                                (abs)        000060
_PMD1                                                (abs)        000061
_PMD2                                                (abs)        000062
_PMD3                                                (abs)        000063
_PMD4                                                (abs)        000064
_PMD5                                                (abs)        000065
_PMD6                                                (abs)        000066
_PMD7                                                (abs)        000067
_PMD8                                                (abs)        000068
_PMD_Initialize                                      text4        0048A2
_RC4PPS                                              (abs)        000215
_ReadMessageFromFifo                                 text40       003A54
_Receive                                             text39       004024
_SLRCONA                                             (abs)        000403
_SLRCONB                                             (abs)        00040B
_SLRCONC                                             (abs)        000413
_SYSTEM_Initialize                                   text1        00495C
_TRISA                                               (abs)        0004C6
_TRISB                                               (abs)        0004C7
_TRISC                                               (abs)        0004C8
_TRISE                                               (abs)        0004CA
_TU16ACLK                                            (abs)        00038F
_TU16ACON0                                           (abs)        000387
_TU16ACON0bits                                       (abs)        000387
_TU16ACON1                                           (abs)        000388
_TU16ACON1bits                                       (abs)        000388
_TU16ACRH                                            (abs)        00038C
_TU16ACRL                                            (abs)        00038B
_TU16AERS                                            (abs)        000390
_TU16AHLT                                            (abs)        000389
_TU16APRH                                            (abs)        00038E
_TU16APRL                                            (abs)        00038D
_TU16APS                                             (abs)        00038A
_TU16ATMRH                                           (abs)        00038C
_TU16ATMRL                                           (abs)        00038B
_TU16A_ISR                                           text26       00479A
_TU16A_Initialize                                    text2        00474C
_TU16A_InterruptHandler                              nvCOMRAM     000558
_TU16A_SetInterruptHandler                           text3        0049E0
_TU16A__C1_TransmitInterruptHandler                  text27       0045E0
_TUCHAIN                                             (abs)        0003BB
_TUIN0PPS                                            (abs)        00024B
_ValidateTransmission                                text34       004110
_WPUA                                                (abs)        000401
_WPUB                                                (abs)        000409
_WPUC                                                (abs)        000411
_WPUE                                                (abs)        000421
_WriteMessageToFifo                                  text33       00380E
__HRAM                                               (abs)        000000
__Habs1                                              abs1         000000
__Hbank10                                            bank10       000000
__Hbank11                                            bank11       000000
__Hbank12                                            bank12       000000
__Hbank13                                            bank13       000000
__Hbank14                                            bank14       000000
__Hbank15                                            bank15       000000
__Hbank16                                            bank16       000000
__Hbank17                                            bank17       000000
__Hbank18                                            bank18       000000
__Hbank19                                            bank19       000000
__Hbank20                                            bank20       000000
__Hbank21                                            bank21       000000
__Hbank22                                            bank22       000000
__Hbank23                                            bank23       000000
__Hbank24                                            bank24       000000
__Hbank25                                            bank25       000000
__Hbank26                                            bank26       000000
__Hbank27                                            bank27       000000
__Hbank28                                            bank28       000000
__Hbank29                                            bank29       000000
__Hbank30                                            bank30       000000
__Hbank31                                            bank31       000000
__Hbank32                                            bank32       000000
__Hbank33                                            bank33       000000
__Hbank34                                            bank34       000000
__Hbank35                                            bank35       000000
__Hbank36                                            bank36       000000
__Hbank37                                            bank37       000000
__Hbank38                                            bank38       000000
__Hbank39                                            bank39       000000
__Hbank40                                            bank40       000000
__Hbank41                                            bank41       000000
__Hbank42                                            bank42       000000
__Hbank43                                            bank43       000000
__Hbank44                                            bank44       000000
__Hbank45                                            bank45       000000
__Hbank46                                            bank46       000000
__Hbank47                                            bank47       000000
__Hbank48                                            bank48       000000
__Hbank49                                            bank49       000000
__Hbank5                                             bank5        000000
__Hbank50                                            bank50       000000
__Hbank51                                            bank51       000000
__Hbank52                                            bank52       000000
__Hbank53                                            bank53       000000
__Hbank54                                            bank54       000000
__Hbank55                                            bank55       000000
__Hbank6                                             bank6        000000
__Hbank7                                             bank7        000000
__Hbank8                                             bank8        000000
__Hbank9                                             bank9        000000
__Hbigbss                                            bigbss       000000
__Hbigdata                                           bigdata      000000
__Hbigram                                            bigram       000000
__Hbss                                               bss          000000
__HbssBANK5                                          bssBANK5     000000
__HbssCOMRAM                                         bssCOMRAM    000000
__Hcinit                                             cinit        000000
__Hclrtext                                           clrtext      000000
__Hcomram                                            comram       000000
__Hconfig                                            config       300024
__Hconst                                             const        000000
__HcstackBANK5                                       cstackBANK5  000000
__HcstackCOMRAM                                      cstackCOMRAM 000000
__Hdata                                              data         000000
__HdataBANK5                                         dataBANK5    000000
__HdataCOMRAM                                        dataCOMRAM   000000
__Heeprom_data                                       eeprom_data  000000
__Hfarbss                                            farbss       000000
__Hfardata                                           fardata      000000
__Hibigdata                                          ibigdata     000000
__Hidata                                             idata        000000
__HidataBANK5                                        idataBANK5   000000
__HidataCOMRAM                                       idataCOMRAM  000000
__Hidloc                                             idloc        200020
__Hifardata                                          ifardata     000000
__Hinit                                              init         00001E
__Hintsave_regs                                      intsave_regs 000000
__Hirdata                                            irdata       000000
__Hivt0x8                                            ivt0x8       00001A
__Hmediumconst                                       mediumconst  000000
__HnvCOMRAM                                          nvCOMRAM     000000
__HnvFARRAM                                          nvFARRAM     000000
__Hnvbit                                             nvbit        000000
__Hnvrram                                            nvrram       000000
__Hparam                                             rparam       000000
__Hpowerup                                           powerup      000000
__Hram                                               ram          000000
__Hramtop                                            ramtop       003800
__Hrbit                                              rbit         000000
__Hrbss                                              rbss         000000
__Hrdata                                             rdata        000000
__Hreset_vec                                         reset_vec    000004
__Hrparam                                            rparam       000000
__Hsfr                                               sfr          000000
__Hsmallconst                                        smallconst   00380E
__Hspace_0                                           (abs)        004A8E
__Hspace_1                                           (abs)        00057A
__Hspace_2                                           (abs)        000000
__Hspace_4                                           (abs)        600024
__Hstack                                             stack        000000
__Hstruct                                            struct       000000
__Htemp                                              temp         000000
__Htext                                              text         000000
__Htext0                                             text0        000000
__Htext1                                             text1        000000
__Htext10                                            text10       000000
__Htext11                                            text11       000000
__Htext12                                            text12       000000
__Htext13                                            text13       000000
__Htext14                                            text14       000000
__Htext15                                            text15       000000
__Htext16                                            text16       000000
__Htext17                                            text17       000000
__Htext18                                            text18       000000
__Htext19                                            text19       000000
__Htext2                                             text2        000000
__Htext20                                            text20       000000
__Htext21                                            text21       000000
__Htext22                                            text22       000000
__Htext23                                            text23       000000
__Htext24                                            text24       000000
__Htext25                                            text25       000000
__Htext26                                            text26       000000
__Htext27                                            text27       000000
__Htext28                                            text28       000000
__Htext29                                            text29       000000
__Htext3                                             text3        000000
__Htext30                                            text30       000000
__Htext31                                            text31       000000
__Htext32                                            text32       000000
__Htext33                                            text33       000000
__Htext34                                            text34       000000
__Htext35                                            text35       000000
__Htext36                                            text36       000000
__Htext37                                            text37       000000
__Htext38                                            text38       000000
__Htext39                                            text39       000000
__Htext4                                             text4        000000
__Htext40                                            text40       000000
__Htext41                                            text41       000000
__Htext42                                            text42       000000
__Htext43                                            text43       000000
__Htext44                                            text44       000000
__Htext45                                            text45       000000
__Htext46                                            text46       000000
__Htext47                                            text47       000000
__Htext48                                            text48       000000
__Htext49                                            text49       000000
__Htext5                                             text5        000000
__Htext50                                            text50       000000
__Htext51                                            text51       000000
__Htext52                                            text52       000000
__Htext6                                             text6        000000
__Htext7                                             text7        000000
__Htext8                                             text8        000000
__Htext9                                             text9        000000
__LRAM                                               (abs)        000001
__Labs1                                              abs1         000000
__Lbank10                                            bank10       000000
__Lbank11                                            bank11       000000
__Lbank12                                            bank12       000000
__Lbank13                                            bank13       000000
__Lbank14                                            bank14       000000
__Lbank15                                            bank15       000000
__Lbank16                                            bank16       000000
__Lbank17                                            bank17       000000
__Lbank18                                            bank18       000000
__Lbank19                                            bank19       000000
__Lbank20                                            bank20       000000
__Lbank21                                            bank21       000000
__Lbank22                                            bank22       000000
__Lbank23                                            bank23       000000
__Lbank24                                            bank24       000000
__Lbank25                                            bank25       000000
__Lbank26                                            bank26       000000
__Lbank27                                            bank27       000000
__Lbank28                                            bank28       000000
__Lbank29                                            bank29       000000
__Lbank30                                            bank30       000000
__Lbank31                                            bank31       000000
__Lbank32                                            bank32       000000
__Lbank33                                            bank33       000000
__Lbank34                                            bank34       000000
__Lbank35                                            bank35       000000
__Lbank36                                            bank36       000000
__Lbank37                                            bank37       000000
__Lbank38                                            bank38       000000
__Lbank39                                            bank39       000000
__Lbank40                                            bank40       000000
__Lbank41                                            bank41       000000
__Lbank42                                            bank42       000000
__Lbank43                                            bank43       000000
__Lbank44                                            bank44       000000
__Lbank45                                            bank45       000000
__Lbank46                                            bank46       000000
__Lbank47                                            bank47       000000
__Lbank48                                            bank48       000000
__Lbank49                                            bank49       000000
__Lbank5                                             bank5        000000
__Lbank50                                            bank50       000000
__Lbank51                                            bank51       000000
__Lbank52                                            bank52       000000
__Lbank53                                            bank53       000000
__Lbank54                                            bank54       000000
__Lbank55                                            bank55       000000
__Lbank6                                             bank6        000000
__Lbank7                                             bank7        000000
__Lbank8                                             bank8        000000
__Lbank9                                             bank9        000000
__Lbigbss                                            bigbss       000000
__Lbigdata                                           bigdata      000000
__Lbigram                                            bigram       000000
__Lbss                                               bss          000000
__LbssBANK5                                          bssBANK5     000000
__LbssCOMRAM                                         bssCOMRAM    000000
__Lcinit                                             cinit        000000
__Lclrtext                                           clrtext      000000
__Lcomram                                            comram       000000
__Lconfig                                            config       000000
__Lconst                                             const        000000
__LcstackBANK5                                       cstackBANK5  000000
__LcstackCOMRAM                                      cstackCOMRAM 000000
__Ldata                                              data         000000
__LdataBANK5                                         dataBANK5    000000
__LdataCOMRAM                                        dataCOMRAM   000000
__Leeprom_data                                       eeprom_data  000000
__Lfarbss                                            farbss       000000
__Lfardata                                           fardata      000000
__Libigdata                                          ibigdata     000000
__Lidata                                             idata        000000
__LidataBANK5                                        idataBANK5   000000
__LidataCOMRAM                                       idataCOMRAM  000000
__Lidloc                                             idloc        000000
__Lifardata                                          ifardata     000000
__Linit                                              init         00001A
__Lintsave_regs                                      intsave_regs 000000
__Lirdata                                            irdata       000000
__Livt0x8                                            ivt0x8       000008
__Lmediumconst                                       mediumconst  000000
__LnvCOMRAM                                          nvCOMRAM     000000
__LnvFARRAM                                          nvFARRAM     000000
__Lnvbit                                             nvbit        000000
__Lnvrram                                            nvrram       000000
__Lparam                                             rparam       000000
__Lpowerup                                           powerup      000000
__Lram                                               ram          000000
__Lramtop                                            ramtop       003800
__Lrbit                                              rbit         000000
__Lrbss                                              rbss         000000
__Lrdata                                             rdata        000000
__Lreset_vec                                         reset_vec    000000
__Lrparam                                            rparam       000000
__Lsfr                                               sfr          000000
__Lsmallconst                                        smallconst   003800
__Lspace_0                                           (abs)        000000
__Lspace_1                                           (abs)        000000
__Lspace_2                                           (abs)        000000
__Lspace_4                                           (abs)        000000
__Lstack                                             stack        000000
__Lstruct                                            struct       000000
__Ltemp                                              temp         000000
__Ltext                                              text         000000
__Ltext0                                             text0        000000
__Ltext1                                             text1        000000
__Ltext10                                            text10       000000
__Ltext11                                            text11       000000
__Ltext12                                            text12       000000
__Ltext13                                            text13       000000
__Ltext14                                            text14       000000
__Ltext15                                            text15       000000
__Ltext16                                            text16       000000
__Ltext17                                            text17       000000
__Ltext18                                            text18       000000
__Ltext19                                            text19       000000
__Ltext2                                             text2        000000
__Ltext20                                            text20       000000
__Ltext21                                            text21       000000
__Ltext22                                            text22       000000
__Ltext23                                            text23       000000
__Ltext24                                            text24       000000
__Ltext25                                            text25       000000
__Ltext26                                            text26       000000
__Ltext27                                            text27       000000
__Ltext28                                            text28       000000
__Ltext29                                            text29       000000
__Ltext3                                             text3        000000
__Ltext30                                            text30       000000
__Ltext31                                            text31       000000
__Ltext32                                            text32       000000
__Ltext33                                            text33       000000
__Ltext34                                            text34       000000
__Ltext35                                            text35       000000
__Ltext36                                            text36       000000
__Ltext37                                            text37       000000
__Ltext38                                            text38       000000
__Ltext39                                            text39       000000
__Ltext4                                             text4        000000
__Ltext40                                            text40       000000
__Ltext41                                            text41       000000
__Ltext42                                            text42       000000
__Ltext43                                            text43       000000
__Ltext44                                            text44       000000
__Ltext45                                            text45       000000
__Ltext46                                            text46       000000
__Ltext47                                            text47       000000
__Ltext48                                            text48       000000
__Ltext49                                            text49       000000
__Ltext5                                             text5        000000
__Ltext50                                            text50       000000
__Ltext51                                            text51       000000
__Ltext52                                            text52       000000
__Ltext6                                             text6        000000
__Ltext7                                             text7        000000
__Ltext8                                             text8        000000
__Ltext9                                             text9        000000
__S0                                                 (abs)        004A8E
__S1                                                 (abs)        00057A
__S2                                                 (abs)        000000
__S4                                                 (abs)        000000
__S5                                                 (abs)        000000
___inthi_sp                                          stack        000000
___intlo_sp                                          stack        000000
___param_bank                                        (abs)        000000
___rparam_used                                       (abs)        000001
___sp                                                stack        000000
__accesstop                                          (abs)        000560
__activetblptr                                       (abs)        000003
__end_of_C1__ReceiveFIFO1NotEmptyHandler             text29       003EC0
__end_of_CAN1_BitRateConfiguration                   text24       0049CE
__end_of_CAN1_ErrorNotificationInterruptEnable       text16       004480
__end_of_CAN1_ISR                                    text44       004024
__end_of_CAN1_Initialize                             text8        00474C
__end_of_CAN1_OperationModeGet                       text15       004A68
__end_of_CAN1_OperationModeSet                       text14       0043EA
__end_of_CAN1_RXI_ISR                                text28       0048A2
__end_of_CAN1_RX_FIFO_Configuration                  text12       004876
__end_of_CAN1_RX_FIFO_FilterMaskConfiguration        text11       00493E
__end_of_CAN1_RX_FIFO_ResetInfo                      text10       004848
__end_of_CAN1_ReceiveFrom                            text38       00469A
__end_of_CAN1_ReceivedMessageCountGet                text37       0042B4
__end_of_CAN1_SetBusErrorInterruptHandler            text23       004A5E
__end_of_CAN1_SetBusWakeUpActivityInterruptHandler   text22       004A50
__end_of_CAN1_SetFIFO1NotEmptyHandler                text13       0049FC
__end_of_CAN1_SetInvalidMessageInterruptHandler      text21       004A42
__end_of_CAN1_SetModeChangeInterruptHandler          text20       004A34
__end_of_CAN1_SetRxBufferOverFlowInterruptHandler    text19       004A26
__end_of_CAN1_SetSystemErrorInterruptHandler         text18       004A18
__end_of_CAN1_SetTxAttemptInterruptHandler           text17       004A0A
__end_of_CAN1_TX_FIFO_Configuration                  text9        0049BA
__end_of_CAN1_Transmit                               text31       004514
__end_of_CAN1_TransmitFIFOStatusGet                  text30       0048F2
__end_of_DLC_BYTES                                   smallconst   00380A
__end_of_DefaultBusErrorHandler                      text51       004A8E
__end_of_DefaultBusWakeUpActivityHandler             text50       004A8C
__end_of_DefaultInvalidMessageHandler                text49       004A8A
__end_of_DefaultModeChangeHandler                    text48       004A88
__end_of_DefaultRxBufferOverflowHandler              text47       004A86
__end_of_DefaultSystemErrorHandler                   text46       004A84
__end_of_DefaultTxAttemptHandler                     text45       004A82
__end_of_FIFO                                        smallconst   00380C
__end_of_GetRxFifoDepth                              text43       00495C
__end_of_GetRxFifoStatus                             text42       0049A6
__end_of_GetTxFifoStatus                             text36       00498E
__end_of_INTERRUPT_Initialize                        text7        004A7E
__end_of_INTERRUPT_InterruptManager                  text25       004352
__end_of_OSCILLATOR_Initialize                       text6        004918
__end_of_PIN_MANAGER_Initialize                      text5        0045E0
__end_of_PMD_Initialize                              text4        0048CA
__end_of_ReadMessageFromFifo                         text40       003C94
__end_of_Receive                                     text39       004110
__end_of_SYSTEM_Initialize                           text1        004976
__end_of_TU16A_ISR                                   text26       0047DC
__end_of_TU16A_Initialize                            text2        00479A
__end_of_TU16A_SetInterruptHandler                   text3        0049EE
__end_of_TU16A__C1_TransmitInterruptHandler          text27       004640
__end_of_ValidateTransmission                        text34       0041EA
__end_of_WriteMessageToFifo                          text33       003A54
__end_of__initialization                             cinit        004576
__end_of_isTxChannel                                 text32       00481A
__end_of_main                                        text0        0049E0
__end_of_memcpy                                      text41       0046F4
__end_ofi2_CAN1_OperationModeGet                     text35       004A72
__initialization                                     cinit        004514
__mediumconst                                        mediumconst  000000
__pbssBANK5                                          bssBANK5     000560
__pbssCOMRAM                                         bssCOMRAM    000545
__pcinit                                             cinit        004514
__pcstackBANK5                                       cstackBANK5  000575
__pcstackCOMRAM                                      cstackCOMRAM 000501
__pdataBANK5                                         dataBANK5    000578
__pdataCOMRAM                                        dataCOMRAM   000550
__pidataBANK5                                        idataBANK5   004A7E
__pidataCOMRAM                                       idataCOMRAM  004A72
__pivt0x8                                            ivt0x8       000008
__pnvCOMRAM                                          nvCOMRAM     000558
__psmallconst                                        smallconst   003800
__ptext0                                             text0        0049CE
__ptext1                                             text1        00495C
__ptext10                                            text10       00481A
__ptext11                                            text11       004918
__ptext12                                            text12       004848
__ptext13                                            text13       0049EE
__ptext14                                            text14       004352
__ptext15                                            text15       004A5E
__ptext16                                            text16       0043EA
__ptext17                                            text17       0049FC
__ptext18                                            text18       004A0A
__ptext19                                            text19       004A18
__ptext2                                             text2        00474C
__ptext20                                            text20       004A26
__ptext21                                            text21       004A34
__ptext22                                            text22       004A42
__ptext23                                            text23       004A50
__ptext24                                            text24       0049BA
__ptext25                                            text25       0042B4
__ptext26                                            text26       00479A
__ptext27                                            text27       0045E0
__ptext28                                            text28       004876
__ptext29                                            text29       003C94
__ptext3                                             text3        0049E0
__ptext30                                            text30       0048CA
__ptext31                                            text31       004480
__ptext32                                            text32       0047DC
__ptext33                                            text33       00380E
__ptext34                                            text34       004110
__ptext35                                            text35       004A68
__ptext36                                            text36       004976
__ptext37                                            text37       0041EA
__ptext38                                            text38       004640
__ptext39                                            text39       004024
__ptext4                                             text4        0048A2
__ptext40                                            text40       003A54
__ptext41                                            text41       00469A
__ptext42                                            text42       00498E
__ptext43                                            text43       00493E
__ptext44                                            text44       003EC0
__ptext45                                            text45       004A80
__ptext46                                            text46       004A82
__ptext47                                            text47       004A84
__ptext48                                            text48       004A86
__ptext49                                            text49       004A88
__ptext5                                             text5        00457C
__ptext50                                            text50       004A8A
__ptext51                                            text51       004A8C
__ptext52                                            text52       000000
__ptext6                                             text6        0048F2
__ptext7                                             text7        004A7A
__ptext8                                             text8        0046F4
__ptext9                                             text9        0049A6
__ramtop                                             ramtop       003800
__size_of_C1__ReceiveFIFO1NotEmptyHandler            (abs)        000000
__size_of_CAN1_BitRateConfiguration                  (abs)        000000
__size_of_CAN1_ErrorNotificationInterruptEnable      (abs)        000000
__size_of_CAN1_ISR                                   (abs)        000000
__size_of_CAN1_Initialize                            (abs)        000000
__size_of_CAN1_OperationModeGet                      (abs)        000000
__size_of_CAN1_OperationModeSet                      (abs)        000000
__size_of_CAN1_RXI_ISR                               (abs)        000000
__size_of_CAN1_RX_FIFO_Configuration                 (abs)        000000
__size_of_CAN1_RX_FIFO_FilterMaskConfiguration       (abs)        000000
__size_of_CAN1_RX_FIFO_ResetInfo                     (abs)        000000
__size_of_CAN1_ReceiveFrom                           (abs)        000000
__size_of_CAN1_ReceivedMessageCountGet               (abs)        000000
__size_of_CAN1_SetBusErrorInterruptHandler           (abs)        000000
__size_of_CAN1_SetBusWakeUpActivityInterruptHandler  (abs)        000000
__size_of_CAN1_SetFIFO1NotEmptyHandler               (abs)        000000
__size_of_CAN1_SetInvalidMessageInterruptHandler     (abs)        000000
__size_of_CAN1_SetModeChangeInterruptHandler         (abs)        000000
__size_of_CAN1_SetRxBufferOverFlowInterruptHandler   (abs)        000000
__size_of_CAN1_SetSystemErrorInterruptHandler        (abs)        000000
__size_of_CAN1_SetTxAttemptInterruptHandler          (abs)        000000
__size_of_CAN1_TX_FIFO_Configuration                 (abs)        000000
__size_of_CAN1_Transmit                              (abs)        000000
__size_of_CAN1_TransmitFIFOStatusGet                 (abs)        000000
__size_of_DefaultBusErrorHandler                     (abs)        000000
__size_of_DefaultBusWakeUpActivityHandler            (abs)        000000
__size_of_DefaultInvalidMessageHandler               (abs)        000000
__size_of_DefaultModeChangeHandler                   (abs)        000000
__size_of_DefaultRxBufferOverflowHandler             (abs)        000000
__size_of_DefaultSystemErrorHandler                  (abs)        000000
__size_of_DefaultTxAttemptHandler                    (abs)        000000
__size_of_GetRxFifoDepth                             (abs)        000000
__size_of_GetRxFifoStatus                            (abs)        000000
__size_of_GetTxFifoStatus                            (abs)        000000
__size_of_INTERRUPT_Initialize                       (abs)        000000
__size_of_INTERRUPT_InterruptManager                 (abs)        000000
__size_of_OSCILLATOR_Initialize                      (abs)        000000
__size_of_PIN_MANAGER_Initialize                     (abs)        000000
__size_of_PMD_Initialize                             (abs)        000000
__size_of_ReadMessageFromFifo                        (abs)        000000
__size_of_Receive                                    (abs)        000000
__size_of_SYSTEM_Initialize                          (abs)        000000
__size_of_TU16A_ISR                                  (abs)        000000
__size_of_TU16A_Initialize                           (abs)        000000
__size_of_TU16A_SetInterruptHandler                  (abs)        000000
__size_of_TU16A__C1_TransmitInterruptHandler         (abs)        000000
__size_of_ValidateTransmission                       (abs)        000000
__size_of_WriteMessageToFifo                         (abs)        000000
__size_of_isTxChannel                                (abs)        000000
__size_of_main                                       (abs)        000000
__size_of_memcpy                                     (abs)        000000
__size_ofi2_CAN1_OperationModeGet                    (abs)        000000
__smallconst                                         smallconst   003800
_isTxChannel                                         text32       0047DC
_isTxChannel$861                                     cstackCOMRAM 000501
_main                                                text0        0049CE
_memcpy                                              text41       00469A
_rxFifos                                             dataBANK5    000578
_rxMsgData                                           bssCOMRAM    000548
end_of_initialization                                cinit        004576
i2_CAN1_OperationModeGet                             text35       004A68
intlevel0                                            text         000000
intlevel1                                            text         000000
intlevel2                                            text         000000
intlevel3                                            text         000000
isTxChannel@channel                                  cstackCOMRAM 000502
isa$std                                              (abs)        000001
isa$xinst                                            (abs)        000000
ivt0x8_base                                          ivt0x8       000008
memcpy@d                                             cstackCOMRAM 000507
memcpy@d1                                            cstackCOMRAM 000501
memcpy@n                                             cstackCOMRAM 000505
memcpy@s                                             cstackCOMRAM 000509
memcpy@s1                                            cstackCOMRAM 000503
memcpy@tmp                                           cstackCOMRAM 00050B
stackhi                                              (abs)        0037FF
stacklo                                              (abs)        00057A
start                                                init         00001A
start_initialization                                 cinit        004514


MODULE INFORMATION

Module		Function		Class		Link	Load	Size
mcc_generated_files/can1.c
		_ReadMessageFromFifo		CODE           	3A54	0000	576
		_ValidateTransmission		CODE           	4110	0000	218
		_CAN1_BitRateConfiguration		CODE           	49BA	0000	20
		_CAN1_SetTxAttemptInterruptHandler		CODE           	49FC	0000	14
		_Receive       		CODE           	4024	0000	236
		_CAN1_SetInvalidMessageInterruptHandler		CODE           	4A34	0000	14
		_CAN1_TX_FIFO_Configuration		CODE           	49A6	0000	20
		_GetRxFifoDepth		CODE           	493E	0000	30
		_CAN1_ISR      		CODE           	3EC0	0000	356
		_DefaultBusErrorHandler		CODE           	4A8C	0000	2
		_CAN1_OperationModeGet		CODE           	4A5E	0000	10
		_CAN1_Initialize		CODE           	46F4	0000	88
		_DefaultInvalidMessageHandler		CODE           	4A88	0000	2
		_CAN1_SetFIFO1NotEmptyHandler		CODE           	49EE	0000	14
		_DefaultBusWakeUpActivityHandler		CODE           	4A8A	0000	2
		_CAN1_TransmitFIFOStatusGet		CODE           	48CA	0000	40
		_CAN1_Transmit 		CODE           	4480	0000	148
		_CAN1_RX_FIFO_FilterMaskConfiguration		CODE           	4918	0000	38
		_CAN1_RX_FIFO_Configuration		CODE           	4848	0000	46
		_GetRxFifoStatus		CODE           	498E	0000	24
		_CAN1_ReceivedMessageCountGet		CODE           	41EA	0000	202
		_CAN1_SetBusErrorInterruptHandler		CODE           	4A50	0000	14
		_CAN1_SetSystemErrorInterruptHandler		CODE           	4A0A	0000	14
		_DefaultSystemErrorHandler		CODE           	4A82	0000	2
		_isTxChannel   		CODE           	47DC	0000	62
		_GetTxFifoStatus		CODE           	4976	0000	24
		_WriteMessageToFifo		CODE           	380E	0000	582
		_DefaultRxBufferOverflowHandler		CODE           	4A84	0000	2
		_CAN1_ErrorNotificationInterruptEnable		CODE           	43EA	0000	150
		_CAN1_SetBusWakeUpActivityInterruptHandler		CODE           	4A42	0000	14
		_CAN1_SetRxBufferOverFlowInterruptHandler		CODE           	4A18	0000	14
		_CAN1_RX_FIFO_ResetInfo		CODE           	481A	0000	46
		_CAN1_OperationModeSet		CODE           	4352	0000	152
		_CAN1_SetModeChangeInterruptHandler		CODE           	4A26	0000	14
		_CAN1_RXI_ISR  		CODE           	4876	0000	44
		_DefaultTxAttemptHandler		CODE           	4A80	0000	2
		_CAN1_ReceiveFrom		CODE           	4640	0000	90
		_DefaultModeChangeHandler		CODE           	4A86	0000	2

mcc_generated_files/can1.c estimated size: 3328

interrupt_handler_function.c
		_C1__ReceiveFIFO1NotEmptyHandler		CODE           	3C94	0000	556
		_TU16A__C1_TransmitInterruptHandler		CODE           	45E0	0000	96

interrupt_handler_function.c estimated size: 652

mcc_generated_files/tu16a.c
		_TU16A_SetInterruptHandler		CODE           	49E0	0000	14
		_TU16A_ISR     		CODE           	479A	0000	66
		_TU16A_Initialize		CODE           	474C	0000	78

mcc_generated_files/tu16a.c estimated size: 158

mcc_generated_files/interrupt_manager.c
		_INTERRUPT_Initialize		CODE           	4A7A	0000	4
		_INTERRUPT_InterruptManager		CODE           	42B4	0000	158

mcc_generated_files/interrupt_manager.c estimated size: 162

mcc_generated_files/pin_manager.c
		_PIN_MANAGER_Initialize		CODE           	457C	0000	100

mcc_generated_files/pin_manager.c estimated size: 100

C:\Program Files\Microchip\xc8\v2.32\pic\sources\c99\common\memcpy.c
		_memcpy        		CODE           	469A	0000	90

C:\Program Files\Microchip\xc8\v2.32\pic\sources\c99\common\memcpy.c estimated size: 90

shared
		_FIFO          		SMALLCONST     	0000	0000	0
		_DLC_BYTES     		SMALLCONST     	3801	0000	9
		__initialization		CODE           	4514	0000	98
		i2_CAN1_OperationModeGet		CODE           	4A68	0000	10

shared estimated size: 117

mcc_generated_files/mcc.c
		_PMD_Initialize		CODE           	48A2	0000	40
		_OSCILLATOR_Initialize		CODE           	48F2	0000	38
		_SYSTEM_Initialize		CODE           	495C	0000	26

mcc_generated_files/mcc.c estimated size: 104

main.c
		_main          		CODE           	49CE	0000	18

main.c estimated size: 18

